---
source: crates/util/src/diff.rs
expression: parsed
---
- old_path: crates/cli_bin/fixtures/es6/empty_export_object.js
  new_path: crates/cli_bin/fixtures/es6/empty_export_object.js
  ranges:
    - before:
        start:
          line: 8
          column: 1
        end:
          line: 9
          column: 1
      after:
        start:
          line: 8
          column: 1
        end:
          line: 8
          column: 28
- old_path: crates/cli_bin/fixtures/es6/export_object.js
  new_path: crates/cli_bin/fixtures/es6/export_object.js
  ranges:
    - before:
        start:
          line: 5
          column: 1
        end:
          line: 6
          column: 1
      after:
        start:
          line: 5
          column: 1
        end:
          line: 7
          column: 3
- old_path: ~
  new_path: crates/cli_bin/fixtures/es6/index.js
  ranges:
    - before:
        start:
          line: 0
          column: 1
        end:
          line: 0
          column: 1
      after:
        start:
          line: 1
          column: 1
        end:
          line: 12
          column: 3
