---
source: crates/util/src/diff_standardizer.rs
expression: result
---
// This is a large file with multiple sections
fn second_function() {
    let mut total = 0;
    for i in 0..10 {
        total += i;
    }
    println!("Total: {}", total);
}

fn third_function() {
    let thing = "Hello";
    debug!("{}", thing);
}
