---
source: crates/util/src/diff.rs
expression: parsed
---
- old_path: crates/cli_bin/fixtures/es6/empty_export_object.js
  new_path: crates/cli_bin/fixtures/es6/empty_export_object.js
  ranges:
    - before:
        start:
          line: 8
          column: 1
        end:
          line: 8
          column: 25
      after:
        start:
          line: 8
          column: 1
        end:
          line: 8
          column: 30
