---
source: apps/marzano/cli/tests/apply.rs
expression: content2
---
import { some, uniqBy } from 'lodash';
import type { BaseUserAccount, UserAccount } from '../services/auth';
import { isUserAccount } from '../services/auth';
import { isUserAccount } from '../services/auth';
import { newbar } from '../services/auth';

// wowza break
import { foobar } from '../services/auth';
// eslint-disable-next-line import/no-cycle
import { ignoreTHhis } from '../services/auth';
import { client } from '../lib/client';

