---
source: crates/cli_bin/tests/apply.rs
expression: stdout
---
file3.nopy
    -class MyClass(object): ...
    +class MyClass(): ...
    

file2.pyi
    -class MyClass(object): ...
    +class MyClass(): ...
    

file1.py
    -class MyClass(object): ...
    +class MyClass(): ...
    

Processed 3 files and found 3 matches
