---
source: crates/cli_bin/tests/parse.rs
expression: v
---
__typename: PatternInfo
messages: []
variables:
  - name: $msg
    scopedName: 14_0_$msg
    ranges:
      - start:
          line: 3
          column: 14
        end:
          line: 3
          column: 18
        startByte: 26
        endByte: 30
sourceFile: "language js\n\n`console.log($msg)`\n"
parsedPattern: "[..]"
valid: true
usesAi: false
