---
source: crates/cli_bin/tests/plumbing.rs
expression: "String::from_utf8(result.stderr)?"
---
Error: Failed to compile pattern `console.lo: engine_id: Some("marzano(0.1)")
file_name: Some("PlaygroundPattern")
level: Some(299)
message: "Pattern syntax error at 1:1. If you hit this error while running grit apply on a pattern from the Grit standard library, try running grit init. If you are running a custom pattern, check out the docs at https://docs.grit.io/ for help with writing patterns."
position: Some(Position { line: 1, column: 1 })
