---
source: crates/cli_bin/tests/private.rs
expression: parsed
---
- config:
    name: combined
    body: "pattern combined() {\n  or {\n    this_is_public(),\n    this_is_private()\n  }\n}"
    level: ~
    title: ~
    description: ~
    tags: ~
    samples: ~
    path: ".grit/patterns/patterns.grit"
    position:
      line: 9
      column: 9
    raw: ~
  module:
    type: Module
    host: ""
    fullName: ""
    remote: ""
    providerName: ""
  localName: combined
  body: "pattern combined() {\n  or {\n    this_is_public(),\n    this_is_private()\n  }\n}"
  kind: pattern
  language: js
  visibility: public
- config:
    name: marky
    body: "pattern show_this_one() {\n  `foo` => `bar`\n}\n\nprivate pattern hide_this() {\n  `foods` => `calories`\n}\n\nor {\n  `foo` => `bar`,\n  show_this_one(),\n  hide_this()\n}\n"
    level: info
    title: Markdown Pattern
    description: This is to show how to use markdown patterns.
    tags: ~
    samples: []
    path: ".grit/patterns/marky.md"
    position:
      line: 6
      column: 1
    raw:
      format: markdown
      content: "# Markdown Pattern\n\nThis is to show how to use markdown patterns.\n\n```grit\npattern show_this_one() {\n  `foo` => `bar`\n}\n\nprivate pattern hide_this() {\n  `foods` => `calories`\n}\n\nor {\n  `foo` => `bar`,\n  show_this_one(),\n  hide_this()\n}\n```\n"
  module:
    type: Module
    host: ""
    fullName: ""
    remote: ""
    providerName: ""
  localName: marky
  body: "pattern show_this_one() {\n  `foo` => `bar`\n}\n\nprivate pattern hide_this() {\n  `foods` => `calories`\n}\n\nor {\n  `foo` => `bar`,\n  show_this_one(),\n  hide_this()\n}\n"
  kind: pattern
  language: js
  visibility: public
- config:
    name: this_is_private
    body: "private pattern this_is_private() {\n  `hidden` => `forbidden`\n}"
    level: ~
    title: ~
    description: ~
    tags:
      - hidden
    samples: ~
    path: ".grit/patterns/patterns.grit"
    position:
      line: 5
      column: 17
    raw: ~
  module:
    type: Module
    host: ""
    fullName: ""
    remote: ""
    providerName: ""
  localName: this_is_private
  body: "private pattern this_is_private() {\n  `hidden` => `forbidden`\n}"
  kind: pattern
  language: js
  visibility: private
- config:
    name: this_is_public
    body: "pattern this_is_public() {\n  `cool` => `fool`\n}"
    level: ~
    title: ~
    description: ~
    tags: ~
    samples: ~
    path: ".grit/patterns/patterns.grit"
    position:
      line: 1
      column: 9
    raw: ~
  module:
    type: Module
    host: ""
    fullName: ""
    remote: ""
    providerName: ""
  localName: this_is_public
  body: "pattern this_is_public() {\n  `cool` => `fool`\n}"
  kind: pattern
  language: js
  visibility: public
