---
source: crates/cli_bin/tests/private.rs
expression: parsed
snapshot_kind: text
---
- config:
    name: combined
    body: "pattern combined() {\n  or {\n    this_is_public(),\n    this_is_private()\n  }\n}"
    level: ~
    title: ~
    description: ~
    tags: ~
    samples: ~
    path: ".grit/patterns/patterns.grit"
    range:
      start:
        line: 9
        column: 9
      end:
        line: 9
        column: 17
      startByte: 122
      endByte: 130
    raw:
      format: grit
      content: "pattern this_is_public() {\n  `cool` => `fool`\n}\n\nprivate pattern this_is_private() {\n  `hidden` => `forbidden`\n}\n\npattern combined() {\n  or {\n    this_is_public(),\n    this_is_private()\n  }\n}"
  module:
    type: Module
    host: ""
    fullName: ""
    remote: ""
    providerName: ""
  localName: combined
  body: "pattern combined() {\n  or {\n    this_is_public(),\n    this_is_private()\n  }\n}"
  kind: pattern
  language: js
  visibility: public
- config:
    name: marky
    body: "pattern show_this_one() {\n  `foo` => `bar`\n}\n\nprivate pattern hide_this() {\n  `foods` => `calories`\n}\n\nor {\n  `foo` => `bar`,\n  show_this_one(),\n  hide_this()\n}\n"
    level: info
    title: Markdown Pattern
    description: This is to show how to use markdown patterns.
    tags: ~
    samples: []
    path: ".grit/patterns/marky.md"
    range:
      start:
        line: 6
        column: 1
      end:
        line: 19
        column: 1
      startByte: 75
      endByte: 236
    raw:
      format: markdown
      content: "# Markdown Pattern\n\nThis is to show how to use markdown patterns.\n\n```grit\npattern show_this_one() {\n  `foo` => `bar`\n}\n\nprivate pattern hide_this() {\n  `foods` => `calories`\n}\n\nor {\n  `foo` => `bar`,\n  show_this_one(),\n  hide_this()\n}\n```\n"
  module:
    type: Module
    host: ""
    fullName: ""
    remote: ""
    providerName: ""
  localName: marky
  body: "pattern show_this_one() {\n  `foo` => `bar`\n}\n\nprivate pattern hide_this() {\n  `foods` => `calories`\n}\n\nor {\n  `foo` => `bar`,\n  show_this_one(),\n  hide_this()\n}\n"
  kind: pattern
  language: js
  visibility: public
- config:
    name: this_is_private
    body: "private pattern this_is_private() {\n  `hidden` => `forbidden`\n}"
    level: ~
    title: ~
    description: ~
    tags:
      - hidden
    samples: ~
    path: ".grit/patterns/patterns.grit"
    range:
      start:
        line: 5
        column: 17
      end:
        line: 5
        column: 32
      startByte: 65
      endByte: 80
    raw:
      format: grit
      content: "pattern this_is_public() {\n  `cool` => `fool`\n}\n\nprivate pattern this_is_private() {\n  `hidden` => `forbidden`\n}\n\npattern combined() {\n  or {\n    this_is_public(),\n    this_is_private()\n  }\n}"
  module:
    type: Module
    host: ""
    fullName: ""
    remote: ""
    providerName: ""
  localName: this_is_private
  body: "private pattern this_is_private() {\n  `hidden` => `forbidden`\n}"
  kind: pattern
  language: js
  visibility: private
- config:
    name: this_is_public
    body: "pattern this_is_public() {\n  `cool` => `fool`\n}"
    level: ~
    title: ~
    description: ~
    tags: ~
    samples: ~
    path: ".grit/patterns/patterns.grit"
    range:
      start:
        line: 1
        column: 9
      end:
        line: 1
        column: 23
      startByte: 8
      endByte: 22
    raw:
      format: grit
      content: "pattern this_is_public() {\n  `cool` => `fool`\n}\n\nprivate pattern this_is_private() {\n  `hidden` => `forbidden`\n}\n\npattern combined() {\n  or {\n    this_is_public(),\n    this_is_private()\n  }\n}"
  module:
    type: Module
    host: ""
    fullName: ""
    remote: ""
    providerName: ""
  localName: this_is_public
  body: "pattern this_is_public() {\n  `cool` => `fool`\n}"
  kind: pattern
  language: js
  visibility: public
