---
source: crates/gritmodule/src/markdown.rs
expression: patterns
---
- config:
    name: no_debugger
    body: "engine marzano(0.1)\nlanguage js\n\ndebugger_statement() => ."
    level: info
    title: ""
    description: "The code in production should not contain a `debugger`. It causes the browser to stop executing the code and open the debugger."
    tags: ~
    samples:
      - name: Bad
        input: "function isTruthy(x) {\n  debugger;\n  return Boolean(x);\n}"
        output: ~
        input_range:
          start:
            line: 20
            column: 1
          end:
            line: 24
            column: 1
          startByte: 298
          endByte: 356
        output_range: ~
    path: no_debugger.md
    position:
      line: 9
      column: 1
    raw:
      format: markdown
      content: "---\ntitle: Remove `debugger` statement\ntags: fix\n---\n\nThe code in production should not contain a `debugger`. It causes the browser to stop executing the code and open the debugger.\n\n```grit\nengine marzano(0.1)\nlanguage js\n\ndebugger_statement() => .\n```\n\n## Remove debbuger\n\n### Bad\n\n```javascript\nfunction isTruthy(x) {\n  debugger;\n  return Boolean(x);\n}\n```\n\n### Good\n\n```typescript\nfunction isTruthy(x) {\n  return Boolean(x);\n}\n```\n"
  module: ~
  local_name: no_debugger
