---
source: crates/gritmodule/src/markdown.rs
expression: sample_output
---
foo:
  - name

  - bar
jobs:
  - in_parallel:
      steps:
        - task: create-file-1
          params:
              FUNCTION: file1-js
          input_mapping:
              code: one-js
          output_mapping:
              code: a-js

        - task: create-file-2
          params:
              FUNCTION: file2-js
          input_mapping:
              code: one-js
          output_mapping:
              code: a-js

        - task: create-file-3
          params:
              FUNCTION: file3-js
          input_mapping:
              code: one-js
          output_mapping:
              code: a-js

        - task: create-file-4
          params:
              FUNCTION: file1-js
          input_mapping:
              code: two-js
          output_mapping:
              code: a-js

        - task: create-file-5
          params:
              FUNCTION: file2-js
          input_mapping:
              code: two-js
          output_mapping:
              code: a-js

        - task: create-file-6
          params:
              FUNCTION: file3-js
          input_mapping:
              code: two-js
          output_mapping:
              code: a-js

        - task: create-file-7
          params:
              FUNCTION: file1-js
          input_mapping:
              code: one-js
          output_mapping:
              code: b-js

        - task: create-file-8
          params:
              FUNCTION: file2-js
          input_mapping:
              code: one-js
          output_mapping:
              code: b-js

        - task: create-file-9
          params:
              FUNCTION: file3-js
          input_mapping:
              code: one-js
          output_mapping:
              code: b-js

        - task: create-file-10
          params:
              FUNCTION: file1-js
          input_mapping:
              code: two-js
          output_mapping:
              code: b-js

        - task: create-file-11
          params:
              FUNCTION: file2-js
          input_mapping:
              code: two-js
          output_mapping:
              code: b-js

        - task: create-file-12
          params:
              FUNCTION: file3-js
          input_mapping:
              code: two-js
          output_mapping:
              code: b-js
