---
source: crates/gritmodule/src/yaml.rs
expression: patterns
snapshot_kind: text
---
- config:
    name: "github.com/getgrit/js#*"
    body: ~
    level: info
    title: ~
    description: ~
    tags: ~
    samples: ~
    path: ""
    range:
      start:
        line: 3
        column: 11
      end:
        line: 3
        column: 11
      startByte: 35
      endByte: 35
    raw:
      format: yaml
      content: "version: 0.0.1\npatterns:\n  - name: github.com/getgrit/js#*\n    level: info\n  - name: github.com/getgrit/json#no_console_log\n    level: error\n  - name: github.com/getgrit/json#strict_tsconfig\n    level: info\n  - name: remove_console_error\n    level: error\n    body: |\n      engine marzano(0.1)\n      language js\n\n      `console.error($_)` => .\ngithub:\n  reviewers:\n  - morgante\n  - gritagent\n    "
  module:
    host: github.com
    fullName: getgrit/js
    remote: "https://github.com/getgrit/js.git"
    providerName: github.com/getgrit/js
  local_name: "*"
- config:
    name: "github.com/getgrit/json#no_console_log"
    body: ~
    level: error
    title: ~
    description: ~
    tags: ~
    samples: ~
    path: ""
    range:
      start:
        line: 5
        column: 11
      end:
        line: 5
        column: 11
      startByte: 85
      endByte: 85
    raw:
      format: yaml
      content: "version: 0.0.1\npatterns:\n  - name: github.com/getgrit/js#*\n    level: info\n  - name: github.com/getgrit/json#no_console_log\n    level: error\n  - name: github.com/getgrit/json#strict_tsconfig\n    level: info\n  - name: remove_console_error\n    level: error\n    body: |\n      engine marzano(0.1)\n      language js\n\n      `console.error($_)` => .\ngithub:\n  reviewers:\n  - morgante\n  - gritagent\n    "
  module:
    host: github.com
    fullName: getgrit/json
    remote: "https://github.com/getgrit/json.git"
    providerName: github.com/getgrit/json
  local_name: no_console_log
- config:
    name: "github.com/getgrit/json#strict_tsconfig"
    body: ~
    level: info
    title: ~
    description: ~
    tags: ~
    samples: ~
    path: ""
    range:
      start:
        line: 7
        column: 11
      end:
        line: 7
        column: 11
      startByte: 151
      endByte: 151
    raw:
      format: yaml
      content: "version: 0.0.1\npatterns:\n  - name: github.com/getgrit/js#*\n    level: info\n  - name: github.com/getgrit/json#no_console_log\n    level: error\n  - name: github.com/getgrit/json#strict_tsconfig\n    level: info\n  - name: remove_console_error\n    level: error\n    body: |\n      engine marzano(0.1)\n      language js\n\n      `console.error($_)` => .\ngithub:\n  reviewers:\n  - morgante\n  - gritagent\n    "
  module:
    host: github.com
    fullName: getgrit/json
    remote: "https://github.com/getgrit/json.git"
    providerName: github.com/getgrit/json
  local_name: strict_tsconfig
- config:
    name: remove_console_error
    body: "engine marzano(0.1)\nlanguage js\n\n`console.error($_)` => .\n"
    level: error
    title: ~
    description: ~
    tags: ~
    samples: ~
    path: ""
    range:
      start:
        line: 9
        column: 11
      end:
        line: 9
        column: 11
      startByte: 217
      endByte: 217
    raw:
      format: yaml
      content: "version: 0.0.1\npatterns:\n  - name: github.com/getgrit/js#*\n    level: info\n  - name: github.com/getgrit/json#no_console_log\n    level: error\n  - name: github.com/getgrit/json#strict_tsconfig\n    level: info\n  - name: remove_console_error\n    level: error\n    body: |\n      engine marzano(0.1)\n      language js\n\n      `console.error($_)` => .\ngithub:\n  reviewers:\n  - morgante\n  - gritagent\n    "
  module: ~
  local_name: remove_console_error
