---
source: crates/gritmodule/src/resolver.rs
expression: resolved_patterns
snapshot_kind: text
---
- config:
    name: PatternWithBody
    body: "`sum($a, $b)` => `sum([$a, $b])`"
    level: ~
    title: ~
    description: ~
    tags: ~
    samples: ~
    path: ".grit/.gritmodules/github.com/custodian-sample-org/testrepo-A/.grit/grit.yaml"
    range:
      start:
        line: 9
        column: 11
      end:
        line: 9
        column: 11
      startByte: 203
      endByte: 203
    raw:
      format: yaml
      content: "version: 0.0.1\npatterns:\n  - name: NoConsoleLog\n    description: Removes all console.log statements\n    tags: ['style', 'debugging']\n    level: error\n    body: |\n      `console.log($any)` => .\n  - name: PatternWithBody\n    body: '`sum($a, $b)` => `sum([$a, $b])`'\n  - name: RemovalPattern\n    body: '`sum($a, $b)` => .'\n"
  module:
    type: Module
    host: github.com
    fullName: custodian-sample-org/testrepo-A
    remote: "https://github.com/custodian-sample-org/testrepo-A.git"
    providerName: github.com/custodian-sample-org/testrepo-A
  localName: PatternWithBody
  body: "`sum($a, $b)` => `sum([$a, $b])`"
  kind: pattern
  language: js
  visibility: public
- config:
    name: RemovalPattern
    body: "`sum($a, $b)` => ."
    level: ~
    title: ~
    description: ~
    tags: ~
    samples: ~
    path: ".grit/.gritmodules/github.com/custodian-sample-org/testrepo-A/.grit/grit.yaml"
    range:
      start:
        line: 11
        column: 11
      end:
        line: 11
        column: 11
      startByte: 274
      endByte: 274
    raw:
      format: yaml
      content: "version: 0.0.1\npatterns:\n  - name: NoConsoleLog\n    description: Removes all console.log statements\n    tags: ['style', 'debugging']\n    level: error\n    body: |\n      `console.log($any)` => .\n  - name: PatternWithBody\n    body: '`sum($a, $b)` => `sum([$a, $b])`'\n  - name: RemovalPattern\n    body: '`sum($a, $b)` => .'\n"
  module:
    type: Module
    host: github.com
    fullName: custodian-sample-org/testrepo-A
    remote: "https://github.com/custodian-sample-org/testrepo-A.git"
    providerName: github.com/custodian-sample-org/testrepo-A
  localName: RemovalPattern
  body: "`sum($a, $b)` => ."
  kind: pattern
  language: js
  visibility: public
- config:
    name: SwapPattern
    body: "`sum($a, $b)` => `sum($b, $a)`"
    level: ~
    title: ~
    description: ~
    tags: ~
    samples: ~
    path: ".grit/.gritmodules/github.com/custodian-sample-org/testrepo-B/.grit/grit.yaml"
    range:
      start:
        line: 3
        column: 11
      end:
        line: 3
        column: 11
      startByte: 35
      endByte: 35
    raw:
      format: yaml
      content: "version: 0.0.1\npatterns:\n  - name: SwapPattern\n    body: '`sum($a, $b)` => `sum($b, $a)`'\n\n"
  module:
    type: Module
    host: github.com
    fullName: custodian-sample-org/testrepo-B
    remote: "https://github.com/custodian-sample-org/testrepo-B.git"
    providerName: github.com/custodian-sample-org/testrepo-B
  localName: SwapPattern
  body: "`sum($a, $b)` => `sum($b, $a)`"
  kind: pattern
  language: js
  visibility: public
