---
source: crates/cli/src/diff.rs
expression: parsed
---
- filePath: crates/cli_bin/fixtures/es6/empty_export_object.js
  range:
    RangeWithoutByte:
      start:
        line: 5
        column: 0
      end:
        line: 11
        column: 0
- filePath: crates/cli_bin/fixtures/es6/export_object.js
  range:
    RangeWithoutByte:
      start:
        line: 2
        column: 0
      end:
        line: 10
        column: 0
- filePath: crates/cli_bin/fixtures/es6/index.js
  range:
    RangeWithoutByte:
      start:
        line: 1
        column: 0
      end:
        line: 12
        column: 0
