---
source: crates/core/src/test.rs
expression: results
---
- __typename: Rewrite
  original:
    messages: []
    variables:
      - name: $new_files
        scopedName: 0_0_$new_files
        ranges: []
      - name: $program
        scopedName: 0_1_$program
        ranges: []
      - name: $filename
        scopedName: 0_2_$filename
        ranges: []
      - name: $absolute_filename
        scopedName: 0_3_$absolute_filename
        ranges: []
      - name: $b
        scopedName: 1_0_$b
        ranges:
          - start:
              line: 1
              column: 1
            end:
              line: 2
              column: 1
            startByte: 0
            endByte: 10
    sourceFile: test-file.tsx
    content: "whatever;\n"
    byteRanges: ~
    ranges: []
  rewritten:
    messages: []
    variables: []
    sourceFile: the_new_name
    content: "test-file.tsx;\n"
    byteRanges:
      - start: 0
        end: 13
    ranges: []
  reason: ~
  id: [UUID]
- __typename: DoneFile
  relativeFilePath: test-file.tsx
