---
source: crates/core/src/test.rs
expression: results
---
- __typename: Rewrite
  original:
    messages: []
    variables:
      - name: $new_files
        scopedName: 0_0_$new_files
        ranges: []
      - name: $program
        scopedName: 0_1_$program
        ranges: []
      - name: $filename
        scopedName: 0_2_$filename
        ranges: []
      - name: $absolute_filename
        scopedName: 0_3_$absolute_filename
        ranges: []
      - name: $msg
        scopedName: 1_0_$msg
        ranges:
          - start:
              line: 1
              column: 7
            end:
              line: 1
              column: 21
            startByte: 6
            endByte: 20
      - name: $match
        scopedName: 1_1_$match
        ranges:
          - start:
              line: 1
              column: 1
            end:
              line: 1
              column: 22
            startByte: 0
            endByte: 21
    sourceFile: foo.py
    content: "print(\"hello world!\")\nlog(\"this is python\")"
    byteRanges: ~
    ranges:
      - start:
          line: 1
          column: 1
        end:
          line: 1
          column: 22
        startByte: 0
        endByte: 21
  rewritten:
    messages: []
    variables: []
    sourceFile: foo.py
    content: "log(\"hello world!\")\nlog(\"this is python\")"
    byteRanges:
      - start: 0
        end: 19
    ranges:
      - start:
          line: 1
          column: 1
        end:
          line: 1
          column: 20
        startByte: 0
        endByte: 19
  reason: ~
- __typename: DoneFile
  relativeFilePath: foo.py
