---
source: crates/core/src/parse.rs
expression: simple_rep
---
module                         | print(4)\nprint(3)\nprint(5)
call                           | print(4)
identifier                     | print
argument_list                  | (4)
(                              | (
integer                        | 4
)                              | )
call                           | print(3)
identifier                     | print
argument_list                  | (3)
(                              | (
integer                        | 3
)                              | )
call                           | print(5)
identifier                     | print
argument_list                  | (5)
(                              | (
integer                        | 5
)                              | )
