---
source: crates/core/src/test.rs
expression: results
---
- __typename: Match
  messages: []
  variables:
    - name: $new_files
      scopedName: 0_0_$new_files
      ranges: []
    - name: $program
      scopedName: 0_1_$program
      ranges: []
    - name: $filename
      scopedName: 0_2_$filename
      ranges: []
    - name: $absolute_filename
      scopedName: 0_3_$absolute_filename
      ranges: []
    - name: $x
      scopedName: 1_0_$x
      ranges:
        - start:
            line: 1
            column: 9
          end:
            line: 1
            column: 12
          startByte: 8
          endByte: 11
    - name: $message
      scopedName: 1_1_$message
      ranges: []
    - name: $variable
      scopedName: 1_2_$variable
      ranges: []
    - name: $match
      scopedName: 1_3_$match
      ranges:
        - start:
            line: 1
            column: 9
          end:
            line: 1
            column: 12
          startByte: 8
          endByte: 11
  sourceFile: test-file.tsx
  content: "foo;bar;baz;\n"
  ranges:
    - start:
        line: 1
        column: 9
      end:
        line: 1
        column: 12
      startByte: 8
      endByte: 11
  reason: ~
- __typename: DoneFile
  relativeFilePath: test-file.tsx
- __typename: AnalysisLog
  level: 441
  message: "this is a message\n"
  position:
    line: 1
    column: 1
  file: test-file.tsx
  engineId: marzano
  range:
    start:
      line: 1
      column: 9
    end:
      line: 1
      column: 12
    startByte: 8
    endByte: 11
  syntaxTree: (identifier)
  source: baz
