---
source: crates/core/src/test.rs
expression: results
---
- __typename: Match
  messages: []
  variables:
    - name: $new_files
      scopedName: 0_0_$new_files
      ranges: []
    - name: $program
      scopedName: 0_1_$program
      ranges: []
    - name: $filename
      scopedName: 0_2_$filename
      ranges: []
    - name: $absolute_filename
      scopedName: 0_3_$absolute_filename
      ranges: []
    - name: $x
      scopedName: 1_0_$x
      ranges:
        - start:
            line: 1
            column: 1
          end:
            line: 2
            column: 1
          startByte: 0
          endByte: 13
    - name: $match
      scopedName: 1_1_$match
      ranges:
        - start:
            line: 1
            column: 1
          end:
            line: 2
            column: 1
          startByte: 0
          endByte: 13
  sourceFile: test-file.tsx
  ranges:
    - start:
        line: 1
        column: 1
      end:
        line: 2
        column: 1
      startByte: 0
      endByte: 13
- __typename: DoneFile
  relativeFilePath: test-file.tsx
- __typename: AnalysisLog
  level: 441
  message: "this is a message\n"
  position:
    line: 1
    column: 1
  file: test-file.tsx
  engineId: marzano
  range:
    start:
      line: 1
      column: 1
    end:
      line: 2
      column: 1
    startByte: 0
    endByte: 13
  syntaxTree: "(program statements: (expression_statement expression: (identifier)) statements: (expression_statement expression: (identifier)) statements: (expression_statement expression: (identifier)))"
  source: "foo;bar;baz;\n"
