---
source: crates/core/src/test.rs
expression: results
---
- __typename: Rewrite
  original:
    messages: []
    variables:
      - name: $new_files
        scopedName: 0_0_$new_files
        ranges: []
      - name: $program
        scopedName: 0_1_$program
        ranges: []
      - name: $filename
        scopedName: 0_2_$filename
        ranges: []
      - name: $absolute_filename
        scopedName: 0_3_$absolute_filename
        ranges: []
      - name: $name
        scopedName: 1_0_$name
        ranges: []
      - name: $body
        scopedName: 1_1_$body
        ranges:
          - start:
              line: 1
              column: 1
            end:
              line: 2
              column: 1
            startByte: 0
            endByte: 24
      - name: $new_name
        scopedName: 1_2_$new_name
        ranges:
          - start:
              line: 1
              column: 11
            end:
              line: 1
              column: 23
            startByte: 10
            endByte: 22
    sourceFile: test-file.tsx
    ranges: []
  rewritten:
    messages: []
    variables: []
    sourceFile: the_new_name
    content: "we_renamed_to(the_new_name)\n"
    byteRanges:
      - start: 0
        end: 27
  reason: ~
- __typename: DoneFile
  relativeFilePath: test-file.tsx
