---
source: crates/core/src/test.rs
expression: results
---
- __typename: DoneFile
  relativeFilePath: test-file.tsx
- __typename: AnalysisLog
  level: 280
  message: variable on left hand side of rewrite side-conditions can only be bound to bindings
  position:
    line: 1
    column: 1
  file: test-file.tsx
  engineId: marzano
  range: ~
  syntaxTree: ~
  source: ~
