---
source: crates/core/src/test.rs
expression: results
---
- __typename: Rewrite
  original:
    messages: []
    variables:
      - name: $new_files
        scopedName: 0_0_$new_files
        ranges: []
      - name: $program
        scopedName: 0_1_$program
        ranges: []
      - name: $filename
        scopedName: 0_2_$filename
        ranges: []
      - name: $absolute_filename
        scopedName: 0_3_$absolute_filename
        ranges: []
      - name: $body
        scopedName: 1_0_$body
        ranges:
          - start:
              line: 2
              column: 32
            end:
              line: 6
              column: 14
            startByte: 32
            endByte: 116
      - name: $m
        scopedName: 1_1_$m
        ranges:
          - start:
              line: 2
              column: 13
            end:
              line: 6
              column: 15
            startByte: 13
            endByte: 117
      - name: $to_rewrite
        scopedName: 1_2_$to_rewrite
        ranges:
          - start:
              line: 3
              column: 15
            end:
              line: 3
              column: 18
            startByte: 60
            endByte: 63
          - start:
              line: 4
              column: 15
            end:
              line: 4
              column: 18
            startByte: 79
            endByte: 82
          - start:
              line: 5
              column: 15
            end:
              line: 5
              column: 18
            startByte: 98
            endByte: 101
      - name: $match
        scopedName: 1_3_$match
        ranges:
          - start:
              line: 2
              column: 13
            end:
              line: 6
              column: 15
            startByte: 13
            endByte: 117
      - name: $to_rewrite
        scopedName: 2_0_$to_rewrite
        ranges: []
    sourceFile: test-file.tsx
    ranges:
      - start:
          line: 2
          column: 13
        end:
          line: 6
          column: 15
        startByte: 13
        endByte: 117
  rewritten:
    messages: []
    variables: []
    sourceFile: test-file.tsx
    content: "\n            it('consolidates', async () => {\n              MARKER;\n              MARKER;\n              MARKER;\n            });\n        "
    byteRanges:
      - start: 60
        end: 66
      - start: 82
        end: 88
      - start: 104
        end: 110
  ansiSummary: ""
  reason: ~
- __typename: DoneFile
  relativeFilePath: test-file.tsx
